2026-03-18 14:17:03 INFO:	***** Start a BUSCO v6.0.0 analysis, current time: 03/18/2026 14:17:03 *****
2026-03-18 14:17:03 INFO:	Configuring BUSCO with local environment
2026-03-18 14:17:03 INFO:	Running genome mode
2026-03-18 14:17:04 INFO:	Downloading information on latest versions of BUSCO data...
2026-03-18 14:17:25 INFO:	Input file is /scratch/las80898/bonasa_busco_1/Bumbellus.assembly.fa
2026-03-18 14:17:25 INFO:	Downloading file 'https://busco-data.ezlab.org/v5/data/lineages/galloanserae_odb12.2025-07-01.tar.gz'
2026-03-18 14:17:36 INFO:	Decompressing file '/scratch/las80898/bonasa_busco_1/busco_downloads/lineages/galloanserae_odb12.tar.gz'
2026-03-18 14:18:45 INFO:	Running BUSCO using lineage dataset galloanserae_odb12 (eukaryota, 2025-07-01)
2026-03-18 14:18:45 INFO:	Running 1 job(s) on bbtools, starting at 03/18/2026 14:18:45
2026-03-18 14:18:51 INFO:	[bbtools]	1 of 1 task(s) completed
2026-03-18 14:18:51 INFO:	Running 1 job(s) on miniprot_index, starting at 03/18/2026 14:18:51
2026-03-18 14:19:19 INFO:	[miniprot_index]	1 of 1 task(s) completed
2026-03-18 14:19:20 INFO:	Running 1 job(s) on miniprot_align, starting at 03/18/2026 14:19:20
2026-03-18 14:25:06 INFO:	[miniprot_align]	1 of 1 task(s) completed
2026-03-18 14:25:25 INFO:	***** Run HMMER on gene sequences *****
2026-03-18 14:25:54 INFO:	Running 6838 job(s) on hmmsearch, starting at 03/18/2026 14:25:54
2026-03-18 14:26:28 INFO:	[hmmsearch]	684 of 6838 task(s) completed
2026-03-18 14:26:33 INFO:	[hmmsearch]	1368 of 6838 task(s) completed
2026-03-18 14:26:39 INFO:	[hmmsearch]	2052 of 6838 task(s) completed
2026-03-18 14:26:44 INFO:	[hmmsearch]	2736 of 6838 task(s) completed
2026-03-18 14:26:49 INFO:	[hmmsearch]	3419 of 6838 task(s) completed
2026-03-18 14:26:54 INFO:	[hmmsearch]	4103 of 6838 task(s) completed
2026-03-18 14:26:59 INFO:	[hmmsearch]	4787 of 6838 task(s) completed
2026-03-18 14:27:04 INFO:	[hmmsearch]	5471 of 6838 task(s) completed
2026-03-18 14:27:08 INFO:	[hmmsearch]	6155 of 6838 task(s) completed
2026-03-18 14:27:15 INFO:	[hmmsearch]	6838 of 6838 task(s) completed
2026-03-18 14:27:26 INFO:	17 candidate overlapping regions found
2026-03-18 14:27:26 INFO:	69436 exons in total
2026-03-18 14:27:39 WARNING:	452 of 6822 Complete matches (6.6%) contain internal stop codons in Miniprot gene predictions
2026-03-18 14:27:58 INFO:	

    -------------------------------------------------------------------------------------------
    |Results from dataset galloanserae_odb12                                                   |
    -------------------------------------------------------------------------------------------
    |C:99.7%[S:99.7%,D:0.1%],F:0.0%,M:0.2%,n:6841,E:6.6%                                       |
    |6822    Complete BUSCOs (C)    (of which 452 contain internal stop codons)                |
    |6818    Complete and single-copy BUSCOs (S)                                               |
    |4    Complete and duplicated BUSCOs (D)                                                   |
    |2    Fragmented BUSCOs (F)                                                                |
    |17    Missing BUSCOs (M)                                                                  |
    |6841    Total BUSCO groups searched                                                       |
    -------------------------------------------------------------------------------------------
2026-03-18 14:27:58 INFO:	BUSCO analysis done with WARNING(s). Total running time: 633 seconds

***** Summary of warnings: *****
2026-03-18 14:27:39 WARNING:busco.busco_tools.hmmer	452 of 6822 Complete matches (6.6%) contain internal stop codons in Miniprot gene predictions

2026-03-18 14:27:58 INFO:	Results written in /scratch/las80898/bonasa_busco_1/busco_test_1
2026-03-18 14:27:58 INFO:	For assistance with interpreting the results, please consult the userguide: https://busco.ezlab.org/busco_userguide.html

2026-03-18 14:27:58 INFO:	Visit this page https://gitlab.com/ezlab/busco#how-to-cite-busco to see how to cite BUSCO
2026-03-18 14:28:00 INFO:	Thank you for using BUSCO! Anonymous usage data is gathered to improve the tool. You may opt out with --opt-out-run-stats.
