2026-03-19T00:20:09 prefetch.3.2.1: 1) Resolving 'SRR25747808'...
2026-03-19T00:20:11 prefetch.3.2.1: Current preference is set to retrieve SRA Normalized Format files with full base quality scores
2026-03-19T00:20:11 prefetch.3.2.1: 1) Downloading 'SRR25747808'...
2026-03-19T00:20:11 prefetch.3.2.1:  SRA Normalized Format file is being retrieved
2026-03-19T00:20:11 prefetch.3.2.1:  Downloading via HTTPS...
2026-03-19T00:20:52 prefetch.3.2.1:  HTTPS download succeed
2026-03-19T00:20:54 prefetch.3.2.1:  'SRR25747808' is valid: 1034965935 bytes were streamed from 1034951175
2026-03-19T00:20:54 prefetch.3.2.1: 1) 'SRR25747808' was downloaded successfully
2026-03-19T00:20:54 prefetch.3.2.1: 1) Resolving 'SRR25747808's dependencies...
2026-03-19T00:20:54 prefetch.3.2.1: 'SRR25747808' has 0 unresolved dependencies
2026-03-19T00:20:54 prefetch.3.2.1: 2) Resolving 'SRR25747807'...
2026-03-19T00:20:54 prefetch.3.2.1: 2) Downloading 'SRR25747807'...
2026-03-19T00:20:54 prefetch.3.2.1:  SRA Normalized Format file is being retrieved
2026-03-19T00:20:54 prefetch.3.2.1:  Downloading via HTTPS...
2026-03-19T00:24:31 prefetch.3.2.1:  HTTPS download succeed
2026-03-19T00:24:44 prefetch.3.2.1:  'SRR25747807' is valid: 4852072846 bytes were streamed from 4852062219
2026-03-19T00:24:44 prefetch.3.2.1: 2) 'SRR25747807' was downloaded successfully
2026-03-19T00:24:44 prefetch.3.2.1: 2) Resolving 'SRR25747807's dependencies...
2026-03-19T00:24:44 prefetch.3.2.1: 'SRR25747807' has 0 unresolved dependencies
2026-03-19T00:24:44 prefetch.3.2.1: 3) Resolving 'SRR25747796'...
2026-03-19T00:24:44 prefetch.3.2.1: 3) 'SRR25747796' is found locally 
2026-03-19T00:24:44 prefetch.3.2.1: 3) Resolving 'SRR25747796's dependencies...
2026-03-19T00:24:44 prefetch.3.2.1: 'SRR25747796' has 0 unresolved dependencies
2026-03-19T00:24:44 prefetch.3.2.1: 4) Resolving 'SRR25747785'...
2026-03-19T00:24:45 prefetch.3.2.1: 4) Downloading 'SRR25747785'...
2026-03-19T00:24:45 prefetch.3.2.1:  SRA Normalized Format file is being retrieved
2026-03-19T00:24:45 prefetch.3.2.1:  Downloading via HTTPS...
2026-03-19T00:26:07 prefetch.3.2.1:  HTTPS download succeed
2026-03-19T00:26:11 prefetch.3.2.1:  'SRR25747785' is valid: 2047192321 bytes were streamed from 2047180447
2026-03-19T00:26:11 prefetch.3.2.1: 4) 'SRR25747785' was downloaded successfully
2026-03-19T00:26:11 prefetch.3.2.1: 4) Resolving 'SRR25747785's dependencies...
2026-03-19T00:26:11 prefetch.3.2.1: 'SRR25747785' has 0 unresolved dependencies
2026-03-19T00:26:11 prefetch.3.2.1: 5) Resolving 'SRR25747758'...
2026-03-19T00:26:12 prefetch.3.2.1: 5) 'SRR25747758' is found locally 
2026-03-19T00:26:12 prefetch.3.2.1: 5) Resolving 'SRR25747758's dependencies...
2026-03-19T00:26:12 prefetch.3.2.1: 'SRR25747758' has 0 unresolved dependencies
2026-03-19T00:26:12 prefetch.3.2.1: 6) Resolving 'SRR25747757'...
2026-03-19T00:26:12 prefetch.3.2.1: 6) 'SRR25747757' is found locally 
2026-03-19T00:26:12 prefetch.3.2.1: 6) Resolving 'SRR25747757's dependencies...
2026-03-19T00:26:12 prefetch.3.2.1: 'SRR25747757' has 0 unresolved dependencies
2026-03-19T00:26:12 prefetch.3.2.1: 7) Resolving 'SRR25747774'...
2026-03-19T00:26:12 prefetch.3.2.1: 7) 'SRR25747774' is found locally 
2026-03-19T00:26:12 prefetch.3.2.1: 7) Resolving 'SRR25747774's dependencies...
2026-03-19T00:26:12 prefetch.3.2.1: 'SRR25747774' has 0 unresolved dependencies
2026-03-19T00:26:12 prefetch.3.2.1: 8) Resolving 'SRR25747763'...
2026-03-19T00:26:13 prefetch.3.2.1: 8) 'SRR25747763' is found locally 
2026-03-19T00:26:13 prefetch.3.2.1: 8) Resolving 'SRR25747763's dependencies...
2026-03-19T00:26:13 prefetch.3.2.1: 'SRR25747763' has 0 unresolved dependencies
2026-03-19T00:26:13 prefetch.3.2.1: 9) Resolving 'SRR25747756'...
2026-03-19T00:26:13 prefetch.3.2.1: 9) 'SRR25747756' is found locally 
2026-03-19T00:26:13 prefetch.3.2.1: 9) Resolving 'SRR25747756's dependencies...
2026-03-19T00:26:13 prefetch.3.2.1: 'SRR25747756' has 0 unresolved dependencies
2026-03-19T00:26:13 prefetch.3.2.1: 10) Resolving 'SRR25747755'...
2026-03-19T00:26:13 prefetch.3.2.1: 10) 'SRR25747755' is found locally 
2026-03-19T00:26:13 prefetch.3.2.1: 10) Resolving 'SRR25747755's dependencies...
2026-03-19T00:26:13 prefetch.3.2.1: 'SRR25747755' has 0 unresolved dependencies
2026-03-19T00:26:13 prefetch.3.2.1: 11) Resolving 'SRR25747806'...
2026-03-19T00:26:13 prefetch.3.2.1: 11) 'SRR25747806' is found locally 
2026-03-19T00:26:14 prefetch.3.2.1: 11) Resolving 'SRR25747806's dependencies...
2026-03-19T00:26:14 prefetch.3.2.1: 'SRR25747806' has 0 unresolved dependencies
2026-03-19T00:26:14 prefetch.3.2.1: 12) Resolving 'SRR25747805'...
2026-03-19T00:26:14 prefetch.3.2.1: 12) 'SRR25747805' is found locally 
2026-03-19T00:26:14 prefetch.3.2.1: 12) Resolving 'SRR25747805's dependencies...
2026-03-19T00:26:14 prefetch.3.2.1: 'SRR25747805' has 0 unresolved dependencies
2026-03-19T00:26:14 prefetch.3.2.1: 13) Resolving 'SRR25747804'...
2026-03-19T00:26:14 prefetch.3.2.1: 13) 'SRR25747804' is found locally 
2026-03-19T00:26:14 prefetch.3.2.1: 13) Resolving 'SRR25747804's dependencies...
2026-03-19T00:26:14 prefetch.3.2.1: 'SRR25747804' has 0 unresolved dependencies
2026-03-19T00:26:14 prefetch.3.2.1: 14) Resolving 'SRR25747803'...
2026-03-19T00:47:18 prefetch.3.2.1: 14) Downloading 'SRR25747803.lite'...
2026-03-19T00:47:18 prefetch.3.2.1:  SRA Lite file is being retrieved due to current file availability
2026-03-19T00:47:18 prefetch.3.2.1:  Downloading via HTTPS...
2026-03-19T00:47:46 prefetch.3.2.1:  HTTPS download failed
2026-03-19T00:47:46 prefetch.3.2.1: 15) Resolving 'SRR25747802'...
2026-03-19T00:47:46 prefetch.3.2.1: 15) Downloading 'SRR25747802'...
2026-03-19T00:47:46 prefetch.3.2.1:  SRA Normalized Format file is being retrieved
2026-03-19T00:47:46 prefetch.3.2.1:  Downloading via HTTPS...
2026-03-19T00:49:08 prefetch.3.2.1:  HTTPS download succeed
2026-03-19T00:49:12 prefetch.3.2.1:  'SRR25747802' is valid: 1767068389 bytes were streamed from 1767064091
2026-03-19T00:49:12 prefetch.3.2.1: 15) 'SRR25747802' was downloaded successfully
2026-03-19T00:49:12 prefetch.3.2.1: 15) Resolving 'SRR25747802's dependencies...
2026-03-19T00:49:12 prefetch.3.2.1: 'SRR25747802' has 0 unresolved dependencies
2026-03-19T00:49:12 prefetch.3.2.1: 16) Resolving 'SRR25747801'...
2026-03-19T00:49:12 prefetch.3.2.1: 16) 'SRR25747801' is found locally 
2026-03-19T00:49:12 prefetch.3.2.1: 16) Resolving 'SRR25747801's dependencies...
2026-03-19T00:49:12 prefetch.3.2.1: 'SRR25747801' has 0 unresolved dependencies
2026-03-19T00:49:12 prefetch.3.2.1: 17) Resolving 'SRR25747800'...
2026-03-19T00:49:13 prefetch.3.2.1: 17) 'SRR25747800' is found locally 
2026-03-19T00:49:13 prefetch.3.2.1: 17) Resolving 'SRR25747800's dependencies...
2026-03-19T00:49:13 prefetch.3.2.1: 'SRR25747800' has 0 unresolved dependencies
2026-03-19T00:49:13 prefetch.3.2.1: 18) Resolving 'SRR25747799'...
2026-03-19T00:49:13 prefetch.3.2.1: 18) Downloading 'SRR25747799'...
2026-03-19T00:49:13 prefetch.3.2.1:  SRA Normalized Format file is being retrieved
2026-03-19T00:49:13 prefetch.3.2.1:  Downloading via HTTPS...
2026-03-19T00:50:37 prefetch.3.2.1:  HTTPS download succeed
2026-03-19T00:50:42 prefetch.3.2.1:  'SRR25747799' is valid: 2135183916 bytes were streamed from 2135176231
2026-03-19T00:50:42 prefetch.3.2.1: 18) 'SRR25747799' was downloaded successfully
2026-03-19T00:50:42 prefetch.3.2.1: 18) Resolving 'SRR25747799's dependencies...
2026-03-19T00:50:42 prefetch.3.2.1: 'SRR25747799' has 0 unresolved dependencies
2026-03-19T00:50:42 prefetch.3.2.1: 19) Resolving 'SRR25747798'...
2026-03-19T00:50:42 prefetch.3.2.1: 19) 'SRR25747798' is found locally 
2026-03-19T00:50:42 prefetch.3.2.1: 19) Resolving 'SRR25747798's dependencies...
2026-03-19T00:50:42 prefetch.3.2.1: 'SRR25747798' has 0 unresolved dependencies
2026-03-19T00:50:42 prefetch.3.2.1: 20) Resolving 'SRR25747797'...
2026-03-19T00:50:43 prefetch.3.2.1: 20) 'SRR25747797' is found locally 
2026-03-19T00:50:43 prefetch.3.2.1: 20) Resolving 'SRR25747797's dependencies...
2026-03-19T00:50:43 prefetch.3.2.1: 'SRR25747797' has 0 unresolved dependencies
2026-03-19T00:50:43 prefetch.3.2.1: 21) Resolving 'SRR25747795'...
2026-03-19T00:50:43 prefetch.3.2.1: 21) 'SRR25747795' is found locally 
2026-03-19T00:50:43 prefetch.3.2.1: 21) Resolving 'SRR25747795's dependencies...
2026-03-19T00:50:43 prefetch.3.2.1: 'SRR25747795' has 0 unresolved dependencies
2026-03-19T00:50:43 prefetch.3.2.1: 22) Resolving 'SRR25747794'...
2026-03-19T00:50:43 prefetch.3.2.1: 22) 'SRR25747794' is found locally 
2026-03-19T00:50:43 prefetch.3.2.1: 22) Resolving 'SRR25747794's dependencies...
2026-03-19T00:50:43 prefetch.3.2.1: 'SRR25747794' has 0 unresolved dependencies
2026-03-19T00:50:43 prefetch.3.2.1: 23) Resolving 'SRR25747793'...
2026-03-19T01:11:47 prefetch.3.2.1: /home/las80898/bonasa/reads/SRR25747793/SRR25747793.sra (2,450,165,540) is incomplete. Expected size is 1,938,987,460. It will be re-downloaded 
23) cannot locate 'SRR25747793'
2026-03-19T01:11:47 prefetch.3.2.1: 24) Resolving 'SRR25747792'...
2026-03-19T01:11:47 prefetch.3.2.1: 24) 'SRR25747792' is found locally 
2026-03-19T01:11:47 prefetch.3.2.1: 24) Resolving 'SRR25747792's dependencies...
2026-03-19T01:11:48 prefetch.3.2.1: 'SRR25747792' has 0 unresolved dependencies
2026-03-19T01:11:48 prefetch.3.2.1: 25) Resolving 'SRR25747791'...
2026-03-19T01:11:48 prefetch.3.2.1: 25) Downloading 'SRR25747791'...
2026-03-19T01:11:48 prefetch.3.2.1:  SRA Normalized Format file is being retrieved
2026-03-19T01:11:48 prefetch.3.2.1:  Downloading via HTTPS...
2026-03-19T01:13:10 prefetch.3.2.1:  HTTPS download succeed
2026-03-19T01:13:15 prefetch.3.2.1:  'SRR25747791' is valid: 2229860329 bytes were streamed from 2229853991
2026-03-19T01:13:15 prefetch.3.2.1: 25) 'SRR25747791' was downloaded successfully
2026-03-19T01:13:15 prefetch.3.2.1: 25) Resolving 'SRR25747791's dependencies...
2026-03-19T01:13:15 prefetch.3.2.1: 'SRR25747791' has 0 unresolved dependencies
2026-03-19T01:13:15 prefetch.3.2.1: 26) Resolving 'SRR25747790'...
2026-03-19T01:13:16 prefetch.3.2.1: 26) Downloading 'SRR25747790'...
2026-03-19T01:13:16 prefetch.3.2.1:  SRA Normalized Format file is being retrieved
2026-03-19T01:13:16 prefetch.3.2.1:  Downloading via HTTPS...
2026-03-19T01:14:38 prefetch.3.2.1:  HTTPS download succeed
2026-03-19T01:14:43 prefetch.3.2.1:  'SRR25747790' is valid: 2214655544 bytes were streamed from 2214644951
2026-03-19T01:14:43 prefetch.3.2.1: 26) 'SRR25747790' was downloaded successfully
2026-03-19T01:14:43 prefetch.3.2.1: 26) Resolving 'SRR25747790's dependencies...
2026-03-19T01:14:43 prefetch.3.2.1: 'SRR25747790' has 0 unresolved dependencies
2026-03-19T01:14:43 prefetch.3.2.1: 27) Resolving 'SRR25747789'...
2026-03-19T01:14:43 prefetch.3.2.1: 27) Downloading 'SRR25747789'...
2026-03-19T01:14:43 prefetch.3.2.1:  SRA Normalized Format file is being retrieved
2026-03-19T01:14:43 prefetch.3.2.1:  Downloading via HTTPS...
2026-03-19T01:16:00 prefetch.3.2.1:  HTTPS download succeed
2026-03-19T01:16:04 prefetch.3.2.1:  'SRR25747789' is valid: 1933209433 bytes were streamed from 1933201915
2026-03-19T01:16:04 prefetch.3.2.1: 27) 'SRR25747789' was downloaded successfully
2026-03-19T01:16:04 prefetch.3.2.1: 27) Resolving 'SRR25747789's dependencies...
2026-03-19T01:16:04 prefetch.3.2.1: 'SRR25747789' has 0 unresolved dependencies
2026-03-19T01:16:04 prefetch.3.2.1: 28) Resolving 'SRR25747788'...
2026-03-19T01:16:04 prefetch.3.2.1: 28) Downloading 'SRR25747788'...
2026-03-19T01:16:04 prefetch.3.2.1:  SRA Normalized Format file is being retrieved
2026-03-19T01:16:04 prefetch.3.2.1:  Downloading via HTTPS...
2026-03-19T01:17:08 prefetch.3.2.1:  HTTPS download succeed
2026-03-19T01:17:12 prefetch.3.2.1:  'SRR25747788' is valid: 1895094696 bytes were streamed from 1895093391
2026-03-19T01:17:12 prefetch.3.2.1: 28) 'SRR25747788' was downloaded successfully
2026-03-19T01:17:12 prefetch.3.2.1: 28) Resolving 'SRR25747788's dependencies...
2026-03-19T01:17:12 prefetch.3.2.1: 'SRR25747788' has 0 unresolved dependencies
2026-03-19T01:17:12 prefetch.3.2.1: 29) Resolving 'SRR25747787'...
2026-03-19T01:17:13 prefetch.3.2.1: 29) Downloading 'SRR25747787'...
2026-03-19T01:17:13 prefetch.3.2.1:  SRA Normalized Format file is being retrieved
2026-03-19T01:17:13 prefetch.3.2.1:  Downloading via HTTPS...
2026-03-19T01:18:45 prefetch.3.2.1:  HTTPS download succeed
2026-03-19T01:18:50 prefetch.3.2.1:  'SRR25747787' is valid: 2258183668 bytes were streamed from 2258179159
2026-03-19T01:18:50 prefetch.3.2.1: 29) 'SRR25747787' was downloaded successfully
2026-03-19T01:18:50 prefetch.3.2.1: 29) Resolving 'SRR25747787's dependencies...
2026-03-19T01:18:50 prefetch.3.2.1: 'SRR25747787' has 0 unresolved dependencies
2026-03-19T01:18:50 prefetch.3.2.1: 30) Resolving 'SRR25747786'...
2026-03-19T01:18:51 prefetch.3.2.1: 30) Downloading 'SRR25747786'...
2026-03-19T01:18:51 prefetch.3.2.1:  SRA Normalized Format file is being retrieved
2026-03-19T01:18:51 prefetch.3.2.1:  Downloading via HTTPS...
2026-03-19T01:19:55 prefetch.3.2.1:  HTTPS download succeed
2026-03-19T01:20:00 prefetch.3.2.1:  'SRR25747786' is valid: 1882007041 bytes were streamed from 1882005015
2026-03-19T01:20:00 prefetch.3.2.1: 30) 'SRR25747786' was downloaded successfully
2026-03-19T01:20:00 prefetch.3.2.1: 30) Resolving 'SRR25747786's dependencies...
2026-03-19T01:20:00 prefetch.3.2.1: 'SRR25747786' has 0 unresolved dependencies
2026-03-19T01:20:00 prefetch.3.2.1: 31) Resolving 'SRR25747784'...
2026-03-19T01:20:00 prefetch.3.2.1: 31) Downloading 'SRR25747784'...
2026-03-19T01:20:00 prefetch.3.2.1:  SRA Normalized Format file is being retrieved
2026-03-19T01:20:00 prefetch.3.2.1:  Downloading via HTTPS...
2026-03-19T01:22:05 prefetch.3.2.1:  HTTPS download succeed
2026-03-19T01:22:12 prefetch.3.2.1:  'SRR25747784' is valid: 2760565986 bytes were streamed from 2760556011
2026-03-19T01:22:12 prefetch.3.2.1: 31) 'SRR25747784' was downloaded successfully
2026-03-19T01:22:12 prefetch.3.2.1: 31) Resolving 'SRR25747784's dependencies...
2026-03-19T01:22:12 prefetch.3.2.1: 'SRR25747784' has 0 unresolved dependencies
2026-03-19T01:22:12 prefetch.3.2.1: 32) Resolving 'SRR25747783'...
2026-03-19T01:22:13 prefetch.3.2.1: 32) Downloading 'SRR25747783'...
2026-03-19T01:22:13 prefetch.3.2.1:  SRA Normalized Format file is being retrieved
2026-03-19T01:22:13 prefetch.3.2.1:  Downloading via HTTPS...
2026-03-19T01:22:59 prefetch.3.2.1:  HTTPS download succeed
2026-03-19T01:23:02 prefetch.3.2.1:  'SRR25747783' is valid: 1390036326 bytes were streamed from 1390035163
2026-03-19T01:23:02 prefetch.3.2.1: 32) 'SRR25747783' was downloaded successfully
2026-03-19T01:23:02 prefetch.3.2.1: 32) Resolving 'SRR25747783's dependencies...
2026-03-19T01:23:02 prefetch.3.2.1: 'SRR25747783' has 0 unresolved dependencies
2026-03-19T01:23:02 prefetch.3.2.1: 33) Resolving 'SRR25747782'...
2026-03-19T01:23:02 prefetch.3.2.1: 33) Downloading 'SRR25747782'...
2026-03-19T01:23:02 prefetch.3.2.1:  SRA Normalized Format file is being retrieved
2026-03-19T01:23:02 prefetch.3.2.1:  Downloading via HTTPS...
2026-03-19T01:24:39 prefetch.3.2.1:  HTTPS download succeed
2026-03-19T01:24:43 prefetch.3.2.1:  'SRR25747782' is valid: 2160625639 bytes were streamed from 2160613051
2026-03-19T01:24:43 prefetch.3.2.1: 33) 'SRR25747782' was downloaded successfully
2026-03-19T01:24:43 prefetch.3.2.1: 33) Resolving 'SRR25747782's dependencies...
2026-03-19T01:24:43 prefetch.3.2.1: 'SRR25747782' has 0 unresolved dependencies
2026-03-19T01:24:43 prefetch.3.2.1: 34) Resolving 'SRR25747781'...
2026-03-19T01:24:43 prefetch.3.2.1: 34) Downloading 'SRR25747781'...
2026-03-19T01:24:43 prefetch.3.2.1:  SRA Normalized Format file is being retrieved
2026-03-19T01:24:43 prefetch.3.2.1:  Downloading via HTTPS...
2026-03-19T01:26:13 prefetch.3.2.1:  HTTPS download succeed
2026-03-19T01:26:19 prefetch.3.2.1:  'SRR25747781' is valid: 2322368677 bytes were streamed from 2322367143
2026-03-19T01:26:19 prefetch.3.2.1: 34) 'SRR25747781' was downloaded successfully
2026-03-19T01:26:19 prefetch.3.2.1: 34) Resolving 'SRR25747781's dependencies...
2026-03-19T01:26:19 prefetch.3.2.1: 'SRR25747781' has 0 unresolved dependencies
2026-03-19T01:26:19 prefetch.3.2.1: 35) Resolving 'SRR25747780'...
2026-03-19T01:26:19 prefetch.3.2.1: 35) Downloading 'SRR25747780'...
2026-03-19T01:26:19 prefetch.3.2.1:  SRA Normalized Format file is being retrieved
2026-03-19T01:26:19 prefetch.3.2.1:  Downloading via HTTPS...
2026-03-19T01:27:28 prefetch.3.2.1:  HTTPS download succeed
2026-03-19T01:27:31 prefetch.3.2.1:  'SRR25747780' is valid: 1518909595 bytes were streamed from 1518900051
2026-03-19T01:27:31 prefetch.3.2.1: 35) 'SRR25747780' was downloaded successfully
2026-03-19T01:27:31 prefetch.3.2.1: 35) Resolving 'SRR25747780's dependencies...
2026-03-19T01:27:31 prefetch.3.2.1: 'SRR25747780' has 0 unresolved dependencies
2026-03-19T01:27:31 prefetch.3.2.1: 36) Resolving 'SRR25747779'...
2026-03-19T01:27:32 prefetch.3.2.1: 36) Downloading 'SRR25747779'...
2026-03-19T01:27:32 prefetch.3.2.1:  SRA Normalized Format file is being retrieved
2026-03-19T01:27:32 prefetch.3.2.1:  Downloading via HTTPS...
2026-03-19T01:28:20 prefetch.3.2.1:  HTTPS download succeed
2026-03-19T01:28:24 prefetch.3.2.1:  'SRR25747779' is valid: 1505154871 bytes were streamed from 1505153543
2026-03-19T01:28:24 prefetch.3.2.1: 36) 'SRR25747779' was downloaded successfully
2026-03-19T01:28:24 prefetch.3.2.1: 36) Resolving 'SRR25747779's dependencies...
2026-03-19T01:28:24 prefetch.3.2.1: 'SRR25747779' has 0 unresolved dependencies
2026-03-19T01:28:24 prefetch.3.2.1: 37) Resolving 'SRR25747778'...
2026-03-19T01:28:24 prefetch.3.2.1: 37) Downloading 'SRR25747778'...
2026-03-19T01:28:24 prefetch.3.2.1:  SRA Normalized Format file is being retrieved
2026-03-19T01:28:24 prefetch.3.2.1:  Downloading via HTTPS...
2026-03-19T01:29:18 prefetch.3.2.1:  HTTPS download succeed
2026-03-19T01:29:21 prefetch.3.2.1:  'SRR25747778' is valid: 1483809623 bytes were streamed from 1483802243
2026-03-19T01:29:21 prefetch.3.2.1: 37) 'SRR25747778' was downloaded successfully
2026-03-19T01:29:21 prefetch.3.2.1: 37) Resolving 'SRR25747778's dependencies...
2026-03-19T01:29:21 prefetch.3.2.1: 'SRR25747778' has 0 unresolved dependencies
2026-03-19T01:29:21 prefetch.3.2.1: 38) Resolving 'SRR25747777'...
2026-03-19T01:29:21 prefetch.3.2.1: 38) Downloading 'SRR25747777'...
2026-03-19T01:29:21 prefetch.3.2.1:  SRA Normalized Format file is being retrieved
2026-03-19T01:29:21 prefetch.3.2.1:  Downloading via HTTPS...
2026-03-19T01:31:12 prefetch.3.2.1:  HTTPS download succeed
2026-03-19T01:31:17 prefetch.3.2.1:  'SRR25747777' is valid: 2466470982 bytes were streamed from 2466466319
2026-03-19T01:31:17 prefetch.3.2.1: 38) 'SRR25747777' was downloaded successfully
2026-03-19T01:31:17 prefetch.3.2.1: 38) Resolving 'SRR25747777's dependencies...
2026-03-19T01:31:17 prefetch.3.2.1: 'SRR25747777' has 0 unresolved dependencies
2026-03-19T01:31:17 prefetch.3.2.1: 39) Resolving 'SRR25747776'...
2026-03-19T01:31:17 prefetch.3.2.1: 39) Downloading 'SRR25747776'...
2026-03-19T01:31:17 prefetch.3.2.1:  SRA Normalized Format file is being retrieved
2026-03-19T01:31:17 prefetch.3.2.1:  Downloading via HTTPS...
2026-03-19T01:32:20 prefetch.3.2.1:  HTTPS download succeed
2026-03-19T01:32:24 prefetch.3.2.1:  'SRR25747776' is valid: 1765259113 bytes were streamed from 1765246907
2026-03-19T01:32:24 prefetch.3.2.1: 39) 'SRR25747776' was downloaded successfully
2026-03-19T01:32:24 prefetch.3.2.1: 39) Resolving 'SRR25747776's dependencies...
2026-03-19T01:32:24 prefetch.3.2.1: 'SRR25747776' has 0 unresolved dependencies
2026-03-19T01:32:24 prefetch.3.2.1: 40) Resolving 'SRR25747775'...
2026-03-19T01:32:25 prefetch.3.2.1: 40) Downloading 'SRR25747775'...
2026-03-19T01:32:25 prefetch.3.2.1:  SRA Normalized Format file is being retrieved
2026-03-19T01:32:25 prefetch.3.2.1:  Downloading via HTTPS...
2026-03-19T01:33:01 prefetch.3.2.1:  HTTPS download succeed
2026-03-19T01:33:04 prefetch.3.2.1:  'SRR25747775' is valid: 1061621711 bytes were streamed from 1061605347
2026-03-19T01:33:04 prefetch.3.2.1: 40) 'SRR25747775' was downloaded successfully
2026-03-19T01:33:04 prefetch.3.2.1: 40) Resolving 'SRR25747775's dependencies...
2026-03-19T01:33:04 prefetch.3.2.1: 'SRR25747775' has 0 unresolved dependencies
2026-03-19T01:33:04 prefetch.3.2.1: 41) Resolving 'SRR25747773'...
2026-03-19T01:33:04 prefetch.3.2.1: 41) Downloading 'SRR25747773'...
2026-03-19T01:33:04 prefetch.3.2.1:  SRA Normalized Format file is being retrieved
2026-03-19T01:33:04 prefetch.3.2.1:  Downloading via HTTPS...
2026-03-19T01:34:02 prefetch.3.2.1:  HTTPS download succeed
2026-03-19T01:34:06 prefetch.3.2.1:  'SRR25747773' is valid: 1602445953 bytes were streamed from 1602440891
2026-03-19T01:34:06 prefetch.3.2.1: 41) 'SRR25747773' was downloaded successfully
2026-03-19T01:34:06 prefetch.3.2.1: 41) Resolving 'SRR25747773's dependencies...
2026-03-19T01:34:06 prefetch.3.2.1: 'SRR25747773' has 0 unresolved dependencies
2026-03-19T01:34:06 prefetch.3.2.1: 42) Resolving 'SRR25747772'...
2026-03-19T01:34:06 prefetch.3.2.1: 42) Downloading 'SRR25747772'...
2026-03-19T01:34:06 prefetch.3.2.1:  SRA Normalized Format file is being retrieved
2026-03-19T01:34:06 prefetch.3.2.1:  Downloading via HTTPS...
2026-03-19T01:35:54 prefetch.3.2.1:  HTTPS download succeed
2026-03-19T01:36:00 prefetch.3.2.1:  'SRR25747772' is valid: 2997668711 bytes were streamed from 2997662739
2026-03-19T01:36:00 prefetch.3.2.1: 42) 'SRR25747772' was downloaded successfully
2026-03-19T01:36:00 prefetch.3.2.1: 42) Resolving 'SRR25747772's dependencies...
2026-03-19T01:36:00 prefetch.3.2.1: 'SRR25747772' has 0 unresolved dependencies
2026-03-19T01:36:00 prefetch.3.2.1: 43) Resolving 'SRR25747771'...
2026-03-19T01:36:01 prefetch.3.2.1: 43) Downloading 'SRR25747771'...
2026-03-19T01:36:01 prefetch.3.2.1:  SRA Normalized Format file is being retrieved
2026-03-19T01:36:01 prefetch.3.2.1:  Downloading via HTTPS...
2026-03-19T01:37:13 prefetch.3.2.1:  HTTPS download succeed
2026-03-19T01:37:18 prefetch.3.2.1:  'SRR25747771' is valid: 1821582941 bytes were streamed from 1821576347
2026-03-19T01:37:18 prefetch.3.2.1: 43) 'SRR25747771' was downloaded successfully
2026-03-19T01:37:18 prefetch.3.2.1: 43) Resolving 'SRR25747771's dependencies...
2026-03-19T01:37:18 prefetch.3.2.1: 'SRR25747771' has 0 unresolved dependencies
2026-03-19T01:37:18 prefetch.3.2.1: 44) Resolving 'SRR25747770'...
2026-03-19T01:37:18 prefetch.3.2.1: 44) Downloading 'SRR25747770'...
2026-03-19T01:37:18 prefetch.3.2.1:  SRA Normalized Format file is being retrieved
2026-03-19T01:37:18 prefetch.3.2.1:  Downloading via HTTPS...
2026-03-19T01:39:05 prefetch.3.2.1:  HTTPS download succeed
2026-03-19T01:39:12 prefetch.3.2.1:  'SRR25747770' is valid: 3105362889 bytes were streamed from 3105348311
2026-03-19T01:39:12 prefetch.3.2.1: 44) 'SRR25747770' was downloaded successfully
2026-03-19T01:39:12 prefetch.3.2.1: 44) Resolving 'SRR25747770's dependencies...
2026-03-19T01:39:12 prefetch.3.2.1: 'SRR25747770' has 0 unresolved dependencies
2026-03-19T01:39:12 prefetch.3.2.1: 45) Resolving 'SRR25747769'...
2026-03-19T01:39:12 prefetch.3.2.1: 45) Downloading 'SRR25747769'...
2026-03-19T01:39:12 prefetch.3.2.1:  SRA Normalized Format file is being retrieved
2026-03-19T01:39:12 prefetch.3.2.1:  Downloading via HTTPS...
2026-03-19T01:40:35 prefetch.3.2.1:  HTTPS download succeed
2026-03-19T01:40:41 prefetch.3.2.1:  'SRR25747769' is valid: 2433063784 bytes were streamed from 2433061639
2026-03-19T01:40:41 prefetch.3.2.1: 45) 'SRR25747769' was downloaded successfully
2026-03-19T01:40:41 prefetch.3.2.1: 45) Resolving 'SRR25747769's dependencies...
2026-03-19T01:40:41 prefetch.3.2.1: 'SRR25747769' has 0 unresolved dependencies
2026-03-19T01:40:41 prefetch.3.2.1: 46) Resolving 'SRR25747768'...
2026-03-19T01:40:41 prefetch.3.2.1: 46) Downloading 'SRR25747768'...
2026-03-19T01:40:41 prefetch.3.2.1:  SRA Normalized Format file is being retrieved
2026-03-19T01:40:41 prefetch.3.2.1:  Downloading via HTTPS...
2026-03-19T01:43:52 prefetch.3.2.1:  HTTPS download succeed
2026-03-19T01:44:01 prefetch.3.2.1:  'SRR25747768' is valid: 4174259084 bytes were streamed from 4174258035
2026-03-19T01:44:02 prefetch.3.2.1: 46) 'SRR25747768' was downloaded successfully
2026-03-19T01:44:02 prefetch.3.2.1: 46) Resolving 'SRR25747768's dependencies...
2026-03-19T01:44:02 prefetch.3.2.1: 'SRR25747768' has 0 unresolved dependencies
2026-03-19T01:44:02 prefetch.3.2.1: 47) Resolving 'SRR25747767'...
2026-03-19T01:44:02 prefetch.3.2.1: 47) Downloading 'SRR25747767'...
2026-03-19T01:44:02 prefetch.3.2.1:  SRA Normalized Format file is being retrieved
2026-03-19T01:44:02 prefetch.3.2.1:  Downloading via HTTPS...
2026-03-19T01:45:36 prefetch.3.2.1:  HTTPS download succeed
2026-03-19T01:45:42 prefetch.3.2.1:  'SRR25747767' is valid: 2640101659 bytes were streamed from 2640088811
2026-03-19T01:45:42 prefetch.3.2.1: 47) 'SRR25747767' was downloaded successfully
2026-03-19T01:45:42 prefetch.3.2.1: 47) Resolving 'SRR25747767's dependencies...
2026-03-19T01:45:42 prefetch.3.2.1: 'SRR25747767' has 0 unresolved dependencies
2026-03-19T01:45:42 prefetch.3.2.1: 48) Resolving 'SRR25747766'...
2026-03-19T01:45:42 prefetch.3.2.1: 48) Downloading 'SRR25747766'...
2026-03-19T01:45:42 prefetch.3.2.1:  SRA Normalized Format file is being retrieved
2026-03-19T01:45:42 prefetch.3.2.1:  Downloading via HTTPS...
2026-03-19T01:46:52 prefetch.3.2.1:  HTTPS download succeed
2026-03-19T01:46:57 prefetch.3.2.1:  'SRR25747766' is valid: 2129990168 bytes were streamed from 2129983079
2026-03-19T01:46:57 prefetch.3.2.1: 48) 'SRR25747766' was downloaded successfully
2026-03-19T01:46:57 prefetch.3.2.1: 48) Resolving 'SRR25747766's dependencies...
2026-03-19T01:46:57 prefetch.3.2.1: 'SRR25747766' has 0 unresolved dependencies
2026-03-19T01:46:57 prefetch.3.2.1: 49) Resolving 'SRR25747765'...
2026-03-19T01:46:57 prefetch.3.2.1: 49) Downloading 'SRR25747765'...
2026-03-19T01:46:57 prefetch.3.2.1:  SRA Normalized Format file is being retrieved
2026-03-19T01:46:57 prefetch.3.2.1:  Downloading via HTTPS...
2026-03-19T01:48:09 prefetch.3.2.1:  HTTPS download succeed
2026-03-19T01:48:14 prefetch.3.2.1:  'SRR25747765' is valid: 2151423464 bytes were streamed from 2151417295
2026-03-19T01:48:14 prefetch.3.2.1: 49) 'SRR25747765' was downloaded successfully
2026-03-19T01:48:14 prefetch.3.2.1: 49) Resolving 'SRR25747765's dependencies...
2026-03-19T01:48:14 prefetch.3.2.1: 'SRR25747765' has 0 unresolved dependencies
2026-03-19T01:48:14 prefetch.3.2.1: 50) Resolving 'SRR25747764'...
2026-03-19T01:48:14 prefetch.3.2.1: 50) Downloading 'SRR25747764'...
2026-03-19T01:48:14 prefetch.3.2.1:  SRA Normalized Format file is being retrieved
2026-03-19T01:48:14 prefetch.3.2.1:  Downloading via HTTPS...
2026-03-19T01:50:02 prefetch.3.2.1:  HTTPS download succeed
2026-03-19T01:50:07 prefetch.3.2.1:  'SRR25747764' is valid: 2327601478 bytes were streamed from 2327595067
2026-03-19T01:50:07 prefetch.3.2.1: 50) 'SRR25747764' was downloaded successfully
2026-03-19T01:50:07 prefetch.3.2.1: 50) Resolving 'SRR25747764's dependencies...
2026-03-19T01:50:07 prefetch.3.2.1: 'SRR25747764' has 0 unresolved dependencies
2026-03-19T01:50:07 prefetch.3.2.1: 51) Resolving 'SRR25747762'...
2026-03-19T01:50:08 prefetch.3.2.1: 51) Downloading 'SRR25747762'...
2026-03-19T01:50:08 prefetch.3.2.1:  SRA Normalized Format file is being retrieved
2026-03-19T01:50:08 prefetch.3.2.1:  Downloading via HTTPS...
2026-03-19T01:52:30 prefetch.3.2.1:  HTTPS download succeed
2026-03-19T01:52:39 prefetch.3.2.1:  'SRR25747762' is valid: 3516209905 bytes were streamed from 3516206383
2026-03-19T01:52:39 prefetch.3.2.1: 51) 'SRR25747762' was downloaded successfully
2026-03-19T01:52:39 prefetch.3.2.1: 51) Resolving 'SRR25747762's dependencies...
2026-03-19T01:52:39 prefetch.3.2.1: 'SRR25747762' has 0 unresolved dependencies
2026-03-19T01:52:39 prefetch.3.2.1: 52) Resolving 'SRR25747761'...
2026-03-19T01:52:40 prefetch.3.2.1: 52) Downloading 'SRR25747761'...
2026-03-19T01:52:40 prefetch.3.2.1:  SRA Normalized Format file is being retrieved
2026-03-19T01:52:40 prefetch.3.2.1:  Downloading via HTTPS...
2026-03-19T01:54:46 prefetch.3.2.1:  HTTPS download succeed
2026-03-19T01:54:55 prefetch.3.2.1:  'SRR25747761' is valid: 3668028849 bytes were streamed from 3668019811
2026-03-19T01:54:55 prefetch.3.2.1: 52) 'SRR25747761' was downloaded successfully
2026-03-19T01:54:55 prefetch.3.2.1: 52) Resolving 'SRR25747761's dependencies...
2026-03-19T01:54:55 prefetch.3.2.1: 'SRR25747761' has 0 unresolved dependencies
2026-03-19T01:54:55 prefetch.3.2.1: 53) Resolving 'SRR25747760'...
2026-03-19T01:54:56 prefetch.3.2.1: 53) Downloading 'SRR25747760'...
2026-03-19T01:54:56 prefetch.3.2.1:  SRA Normalized Format file is being retrieved
2026-03-19T01:54:56 prefetch.3.2.1:  Downloading via HTTPS...
2026-03-19T01:57:20 prefetch.3.2.1:  HTTPS download succeed
2026-03-19T01:57:29 prefetch.3.2.1:  'SRR25747760' is valid: 4110339022 bytes were streamed from 4110335451
2026-03-19T01:57:29 prefetch.3.2.1: 53) 'SRR25747760' was downloaded successfully
2026-03-19T01:57:29 prefetch.3.2.1: 53) Resolving 'SRR25747760's dependencies...
2026-03-19T01:57:29 prefetch.3.2.1: 'SRR25747760' has 0 unresolved dependencies
2026-03-19T01:57:29 prefetch.3.2.1: 54) Resolving 'SRR25747759'...
2026-03-19T01:57:29 prefetch.3.2.1: 54) Downloading 'SRR25747759'...
2026-03-19T01:57:29 prefetch.3.2.1:  SRA Normalized Format file is being retrieved
2026-03-19T01:57:29 prefetch.3.2.1:  Downloading via HTTPS...
2026-03-19T01:59:33 prefetch.3.2.1:  HTTPS download succeed
2026-03-19T01:59:39 prefetch.3.2.1:  'SRR25747759' is valid: 2707699794 bytes were streamed from 2707692019
2026-03-19T01:59:39 prefetch.3.2.1: 54) 'SRR25747759' was downloaded successfully
2026-03-19T01:59:39 prefetch.3.2.1: 54) Resolving 'SRR25747759's dependencies...
2026-03-19T01:59:39 prefetch.3.2.1: 'SRR25747759' has 0 unresolved dependencies
