/home/las80898/conda/envs/bonasa_env/bin/quast Bumbellus.assembly.fa -o /scratch/las80898/bonasa --large --glimmer --split-scaffolds --threads 8

Version: 5.3.0

System information:
  OS: Linux-5.14.0-503.31.1.el9_5.x86_64-x86_64-with-glibc2.34 (linux_64)
  Python version: 3.12.13
  CPUs number: 32

Started: 2026-03-18 09:27:20

Logging to /scratch/las80898/bonasa/quast.log

CWD: /scratch/las80898/bonasa
Main parameters: 
  MODE: large, threads: 8, eukaryotic: true, split scaffolds: true, min contig length: 3000, \
  min alignment length: 500, min alignment IDY: 95.0, ambiguity: one, min local misassembly length: 200, \
  min extensive misassembly length: 7000

Contigs:
  Pre-processing...
  Bumbellus.assembly.fa ==> Bumbellus.assembly
    breaking scaffolds into contigs:
      460 scaffolds (Bumbellus.assembly) were broken into 529 contigs (Bumbellus.assembly_broken)

2026-03-18 09:28:47
Running Basic statistics processor...
  Contig files: 
    1  Bumbellus.assembly
    2  Bumbellus.assembly_broken
  Calculating N50 and L50...
    1  Bumbellus.assembly, N50 = 69101496, L50 = 5, auN = 80151842.6, Total length = 1003989631, GC % = 41.46, # N's per 100 kbp =  0.69
    2  Bumbellus.assembly_broken, N50 = 27104437, L50 = 10, auN = 37160105.4, Total length = 1003982731, GC % = 41.46, # N's per 100 kbp =  0.00
  Drawing Nx plot...
    saved to /scratch/las80898/bonasa/basic_stats/Nx_plot.pdf
  Drawing cumulative plot...
    saved to /scratch/las80898/bonasa/basic_stats/cumulative_plot.pdf
  Drawing GC content plot...
    saved to /scratch/las80898/bonasa/basic_stats/GC_content_plot.pdf
  Drawing Bumbellus.assembly GC content plot...
    saved to /scratch/las80898/bonasa/basic_stats/Bumbellus.assembly_GC_content_plot.pdf
  Drawing Bumbellus.assembly_broken GC content plot...
    saved to /scratch/las80898/bonasa/basic_stats/Bumbellus.assembly_broken_GC_content_plot.pdf
Done.

2026-03-18 09:30:09
Running GlimmerHMM...
  1  Bumbellus.assembly
  2  Bumbellus.assembly_broken
  1    Genes = 308244 unique, 309499 total
  1    Predicted genes (GFF): /scratch/las80898/bonasa/predicted_genes/Bumbellus-assembly_glimmer_genes.gff
  2    Genes = 308222 unique, 309477 total
  2    Predicted genes (GFF): /scratch/las80898/bonasa/predicted_genes/Bumbellus-assembly_broken_glimmer_genes.gff
Done.

2026-03-18 10:26:15
Creating large visual summaries...
This may take a while: press Ctrl-C to skip this step..
  1 of 2: Creating PDF with all tables and plots...
  2 of 2: Creating Icarus viewers...
Done

2026-03-18 10:26:31
RESULTS:
  Text versions of total report are saved to /scratch/las80898/bonasa/report.txt, report.tsv, and report.tex
  Text versions of transposed total report are saved to /scratch/las80898/bonasa/transposed_report.txt, transposed_report.tsv, and transposed_report.tex
  HTML version (interactive tables and plots) is saved to /scratch/las80898/bonasa/report.html
  PDF version (tables and plots) is saved to /scratch/las80898/bonasa/report.pdf
  Icarus (contig browser) is saved to /scratch/las80898/bonasa/icarus.html
  Log is saved to /scratch/las80898/bonasa/quast.log

Finished: 2026-03-18 10:26:32
Elapsed time: 0:59:11.941646
NOTICEs: 0; WARNINGs: 0; non-fatal ERRORs: 0

Thank you for using QUAST!
