2026-03-18T20:43:34 prefetch.3.2.1: 1) Resolving 'SRR25747808'...
2026-03-18T20:43:35 prefetch.3.2.1: Current preference is set to retrieve SRA Normalized Format files with full base quality scores
2026-03-18T21:04:36 prefetch.3.2.1: 1) Downloading 'SRR25747808.lite'...
2026-03-18T21:04:36 prefetch.3.2.1:  SRA Lite file is being retrieved due to current file availability
2026-03-18T21:04:36 prefetch.3.2.1:  Downloading via HTTPS...
2026-03-18T21:05:04 prefetch.3.2.1:  HTTPS download failed
2026-03-18T21:05:04 prefetch.3.2.1: 2) Resolving 'SRR25747807'...
2026-03-18T21:26:05 prefetch.3.2.1: 2) Downloading 'SRR25747807.lite'...
2026-03-18T21:26:05 prefetch.3.2.1:  SRA Lite file is being retrieved due to current file availability
2026-03-18T21:26:05 prefetch.3.2.1:  Downloading via HTTPS...
2026-03-18T21:26:33 prefetch.3.2.1:  HTTPS download failed
2026-03-18T21:26:34 prefetch.3.2.1: 3) Resolving 'SRR25747796'...
2026-03-18T21:26:34 prefetch.3.2.1: 3) Downloading 'SRR25747796'...
2026-03-18T21:26:34 prefetch.3.2.1:  SRA Normalized Format file is being retrieved
2026-03-18T21:26:34 prefetch.3.2.1:  Downloading via HTTPS...
2026-03-18T21:27:51 prefetch.3.2.1:  HTTPS download succeed
2026-03-18T21:27:59 prefetch.3.2.1:  'SRR25747796' is valid: 2375357584 bytes were streamed from 2375357271
2026-03-18T21:27:59 prefetch.3.2.1: 3) 'SRR25747796' was downloaded successfully
2026-03-18T21:27:59 prefetch.3.2.1: 3) Resolving 'SRR25747796's dependencies...
2026-03-18T21:27:59 prefetch.3.2.1: 'SRR25747796' has 0 unresolved dependencies
2026-03-18T21:27:59 prefetch.3.2.1: 4) Resolving 'SRR25747785'...
2026-03-18T21:49:02 prefetch.3.2.1: 4) Downloading 'SRR25747785.lite'...
2026-03-18T21:49:02 prefetch.3.2.1:  SRA Lite file is being retrieved due to current file availability
2026-03-18T21:49:02 prefetch.3.2.1:  Downloading via HTTPS...
2026-03-18T21:49:30 prefetch.3.2.1:  HTTPS download failed
2026-03-18T21:49:30 prefetch.3.2.1: 5) Resolving 'SRR25747758'...
2026-03-18T21:49:31 prefetch.3.2.1: 5) Downloading 'SRR25747758'...
2026-03-18T21:49:31 prefetch.3.2.1:  SRA Normalized Format file is being retrieved
2026-03-18T21:49:31 prefetch.3.2.1:  Downloading via HTTPS...
2026-03-18T21:51:42 prefetch.3.2.1:  HTTPS download succeed
2026-03-18T21:51:54 prefetch.3.2.1:  'SRR25747758' is valid: 3988337899 bytes were streamed from 3988328503
2026-03-18T21:51:54 prefetch.3.2.1: 5) 'SRR25747758' was downloaded successfully
2026-03-18T21:51:54 prefetch.3.2.1: 5) Resolving 'SRR25747758's dependencies...
2026-03-18T21:51:54 prefetch.3.2.1: 'SRR25747758' has 0 unresolved dependencies
2026-03-18T21:51:54 prefetch.3.2.1: 6) Resolving 'SRR25747757'...
2026-03-18T21:51:54 prefetch.3.2.1: 6) Downloading 'SRR25747757'...
2026-03-18T21:51:54 prefetch.3.2.1:  SRA Normalized Format file is being retrieved
2026-03-18T21:51:54 prefetch.3.2.1:  Downloading via HTTPS...
2026-03-18T21:53:49 prefetch.3.2.1:  HTTPS download succeed
2026-03-18T21:53:57 prefetch.3.2.1:  'SRR25747757' is valid: 2664852178 bytes were streamed from 2664844527
2026-03-18T21:53:57 prefetch.3.2.1: 6) 'SRR25747757' was downloaded successfully
2026-03-18T21:53:57 prefetch.3.2.1: 6) Resolving 'SRR25747757's dependencies...
2026-03-18T21:53:57 prefetch.3.2.1: 'SRR25747757' has 0 unresolved dependencies
2026-03-18T21:53:57 prefetch.3.2.1: 7) Resolving 'SRR25747774'...
2026-03-18T21:53:57 prefetch.3.2.1: 7) Downloading 'SRR25747774'...
2026-03-18T21:53:57 prefetch.3.2.1:  SRA Normalized Format file is being retrieved
2026-03-18T21:53:57 prefetch.3.2.1:  Downloading via HTTPS...
2026-03-18T21:56:04 prefetch.3.2.1:  HTTPS download succeed
2026-03-18T21:56:14 prefetch.3.2.1:  'SRR25747774' is valid: 3567834408 bytes were streamed from 3567820271
2026-03-18T21:56:14 prefetch.3.2.1: 7) 'SRR25747774' was downloaded successfully
2026-03-18T21:56:14 prefetch.3.2.1: 7) Resolving 'SRR25747774's dependencies...
2026-03-18T21:56:14 prefetch.3.2.1: 'SRR25747774' has 0 unresolved dependencies
2026-03-18T21:56:14 prefetch.3.2.1: 8) Resolving 'SRR25747763'...
2026-03-18T21:56:14 prefetch.3.2.1: 8) Downloading 'SRR25747763'...
2026-03-18T21:56:14 prefetch.3.2.1:  SRA Normalized Format file is being retrieved
2026-03-18T21:56:14 prefetch.3.2.1:  Downloading via HTTPS...
2026-03-18T21:57:47 prefetch.3.2.1:  HTTPS download succeed
2026-03-18T21:57:55 prefetch.3.2.1:  'SRR25747763' is valid: 3120406173 bytes were streamed from 3120392055
2026-03-18T21:57:55 prefetch.3.2.1: 8) 'SRR25747763' was downloaded successfully
2026-03-18T21:57:55 prefetch.3.2.1: 8) Resolving 'SRR25747763's dependencies...
2026-03-18T21:57:55 prefetch.3.2.1: 'SRR25747763' has 0 unresolved dependencies
2026-03-18T21:57:55 prefetch.3.2.1: 9) Resolving 'SRR25747756'...
2026-03-18T21:57:55 prefetch.3.2.1: 9) Downloading 'SRR25747756'...
2026-03-18T21:57:55 prefetch.3.2.1:  SRA Normalized Format file is being retrieved
2026-03-18T21:57:55 prefetch.3.2.1:  Downloading via HTTPS...
2026-03-18T21:59:57 prefetch.3.2.1:  HTTPS download succeed
2026-03-18T22:00:06 prefetch.3.2.1:  'SRR25747756' is valid: 3297860642 bytes were streamed from 3297845703
2026-03-18T22:00:06 prefetch.3.2.1: 9) 'SRR25747756' was downloaded successfully
2026-03-18T22:00:06 prefetch.3.2.1: 9) Resolving 'SRR25747756's dependencies...
2026-03-18T22:00:06 prefetch.3.2.1: 'SRR25747756' has 0 unresolved dependencies
2026-03-18T22:00:06 prefetch.3.2.1: 10) Resolving 'SRR25747755'...
2026-03-18T22:00:06 prefetch.3.2.1: 10) Downloading 'SRR25747755'...
2026-03-18T22:00:06 prefetch.3.2.1:  SRA Normalized Format file is being retrieved
2026-03-18T22:00:06 prefetch.3.2.1:  Downloading via HTTPS...
2026-03-18T22:01:31 prefetch.3.2.1:  HTTPS download succeed
2026-03-18T22:01:38 prefetch.3.2.1:  'SRR25747755' is valid: 2670852753 bytes were streamed from 2670851839
2026-03-18T22:01:38 prefetch.3.2.1: 10) 'SRR25747755' was downloaded successfully
2026-03-18T22:01:38 prefetch.3.2.1: 10) Resolving 'SRR25747755's dependencies...
2026-03-18T22:01:38 prefetch.3.2.1: 'SRR25747755' has 0 unresolved dependencies
2026-03-18T22:01:38 prefetch.3.2.1: 11) Resolving 'SRR25747806'...
2026-03-18T22:01:38 prefetch.3.2.1: 11) Downloading 'SRR25747806'...
2026-03-18T22:01:38 prefetch.3.2.1:  SRA Normalized Format file is being retrieved
2026-03-18T22:01:38 prefetch.3.2.1:  Downloading via HTTPS...
2026-03-18T22:04:13 prefetch.3.2.1:  HTTPS download succeed
2026-03-18T22:04:23 prefetch.3.2.1:  'SRR25747806' is valid: 3730308809 bytes were streamed from 3730295451
2026-03-18T22:04:23 prefetch.3.2.1: 11) 'SRR25747806' was downloaded successfully
2026-03-18T22:04:23 prefetch.3.2.1: 11) Resolving 'SRR25747806's dependencies...
2026-03-18T22:04:24 prefetch.3.2.1: 'SRR25747806' has 0 unresolved dependencies
2026-03-18T22:04:24 prefetch.3.2.1: 12) Resolving 'SRR25747805'...
2026-03-18T22:04:24 prefetch.3.2.1: 12) Downloading 'SRR25747805'...
2026-03-18T22:04:24 prefetch.3.2.1:  SRA Normalized Format file is being retrieved
2026-03-18T22:04:24 prefetch.3.2.1:  Downloading via HTTPS...
2026-03-18T22:05:51 prefetch.3.2.1:  HTTPS download succeed
2026-03-18T22:05:57 prefetch.3.2.1:  'SRR25747805' is valid: 2175290172 bytes were streamed from 2175283007
2026-03-18T22:05:57 prefetch.3.2.1: 12) 'SRR25747805' was downloaded successfully
2026-03-18T22:05:57 prefetch.3.2.1: 12) Resolving 'SRR25747805's dependencies...
2026-03-18T22:05:57 prefetch.3.2.1: 'SRR25747805' has 0 unresolved dependencies
2026-03-18T22:05:57 prefetch.3.2.1: 13) Resolving 'SRR25747804'...
2026-03-18T22:05:57 prefetch.3.2.1: 13) Downloading 'SRR25747804'...
2026-03-18T22:05:57 prefetch.3.2.1:  SRA Normalized Format file is being retrieved
2026-03-18T22:05:57 prefetch.3.2.1:  Downloading via HTTPS...
2026-03-18T22:07:37 prefetch.3.2.1:  HTTPS download succeed
2026-03-18T22:07:44 prefetch.3.2.1:  'SRR25747804' is valid: 2464903820 bytes were streamed from 2464890191
2026-03-18T22:07:44 prefetch.3.2.1: 13) 'SRR25747804' was downloaded successfully
2026-03-18T22:07:44 prefetch.3.2.1: 13) Resolving 'SRR25747804's dependencies...
2026-03-18T22:07:44 prefetch.3.2.1: 'SRR25747804' has 0 unresolved dependencies
2026-03-18T22:07:44 prefetch.3.2.1: 14) Resolving 'SRR25747803'...
2026-03-18T22:28:47 prefetch.3.2.1: 14) Downloading 'SRR25747803.lite'...
2026-03-18T22:28:47 prefetch.3.2.1:  SRA Lite file is being retrieved due to current file availability
2026-03-18T22:28:47 prefetch.3.2.1:  Downloading via HTTPS...
2026-03-18T22:29:15 prefetch.3.2.1:  HTTPS download failed
2026-03-18T22:29:15 prefetch.3.2.1: 15) Resolving 'SRR25747802'...
2026-03-18T22:50:16 prefetch.3.2.1: 15) Downloading 'SRR25747802.lite'...
2026-03-18T22:50:16 prefetch.3.2.1:  SRA Lite file is being retrieved due to current file availability
2026-03-18T22:50:16 prefetch.3.2.1:  Downloading via HTTPS...
2026-03-18T22:50:44 prefetch.3.2.1:  HTTPS download failed
2026-03-18T22:50:45 prefetch.3.2.1: 16) Resolving 'SRR25747801'...
2026-03-18T22:50:45 prefetch.3.2.1: 16) Downloading 'SRR25747801'...
2026-03-18T22:50:45 prefetch.3.2.1:  SRA Normalized Format file is being retrieved
2026-03-18T22:50:45 prefetch.3.2.1:  Downloading via HTTPS...
2026-03-18T22:51:44 prefetch.3.2.1:  HTTPS download succeed
2026-03-18T22:51:49 prefetch.3.2.1:  'SRR25747801' is valid: 1561415187 bytes were streamed from 1561399287
2026-03-18T22:51:49 prefetch.3.2.1: 16) 'SRR25747801' was downloaded successfully
2026-03-18T22:51:49 prefetch.3.2.1: 16) Resolving 'SRR25747801's dependencies...
2026-03-18T22:51:49 prefetch.3.2.1: 'SRR25747801' has 0 unresolved dependencies
2026-03-18T22:51:49 prefetch.3.2.1: 17) Resolving 'SRR25747800'...
2026-03-18T22:51:49 prefetch.3.2.1: 17) Downloading 'SRR25747800'...
2026-03-18T22:51:49 prefetch.3.2.1:  SRA Normalized Format file is being retrieved
2026-03-18T22:51:49 prefetch.3.2.1:  Downloading via HTTPS...
2026-03-18T22:52:46 prefetch.3.2.1:  HTTPS download succeed
2026-03-18T22:52:51 prefetch.3.2.1:  'SRR25747800' is valid: 1874975812 bytes were streamed from 1874960451
2026-03-18T22:52:51 prefetch.3.2.1: 17) 'SRR25747800' was downloaded successfully
2026-03-18T22:52:51 prefetch.3.2.1: 17) Resolving 'SRR25747800's dependencies...
2026-03-18T22:52:51 prefetch.3.2.1: 'SRR25747800' has 0 unresolved dependencies
2026-03-18T22:52:51 prefetch.3.2.1: 18) Resolving 'SRR25747799'...
2026-03-18T23:13:55 prefetch.3.2.1: 18) Downloading 'SRR25747799.lite'...
2026-03-18T23:13:55 prefetch.3.2.1:  SRA Lite file is being retrieved due to current file availability
2026-03-18T23:13:55 prefetch.3.2.1:  Downloading via HTTPS...
2026-03-18T23:14:23 prefetch.3.2.1:  HTTPS download failed
2026-03-18T23:14:23 prefetch.3.2.1: 19) Resolving 'SRR25747798'...
2026-03-18T23:14:24 prefetch.3.2.1: 19) Downloading 'SRR25747798'...
2026-03-18T23:14:24 prefetch.3.2.1:  SRA Normalized Format file is being retrieved
2026-03-18T23:14:24 prefetch.3.2.1:  Downloading via HTTPS...
2026-03-18T23:15:39 prefetch.3.2.1:  HTTPS download succeed
2026-03-18T23:15:44 prefetch.3.2.1:  'SRR25747798' is valid: 1893240880 bytes were streamed from 1893231715
2026-03-18T23:15:44 prefetch.3.2.1: 19) 'SRR25747798' was downloaded successfully
2026-03-18T23:15:44 prefetch.3.2.1: 19) Resolving 'SRR25747798's dependencies...
2026-03-18T23:15:44 prefetch.3.2.1: 'SRR25747798' has 0 unresolved dependencies
2026-03-18T23:15:44 prefetch.3.2.1: 20) Resolving 'SRR25747797'...
2026-03-18T23:15:44 prefetch.3.2.1: 20) Downloading 'SRR25747797'...
2026-03-18T23:15:44 prefetch.3.2.1:  SRA Normalized Format file is being retrieved
2026-03-18T23:15:44 prefetch.3.2.1:  Downloading via HTTPS...
2026-03-18T23:16:47 prefetch.3.2.1:  HTTPS download succeed
2026-03-18T23:16:52 prefetch.3.2.1:  'SRR25747797' is valid: 1925829220 bytes were streamed from 1925824711
2026-03-18T23:16:52 prefetch.3.2.1: 20) 'SRR25747797' was downloaded successfully
2026-03-18T23:16:52 prefetch.3.2.1: 20) Resolving 'SRR25747797's dependencies...
2026-03-18T23:16:52 prefetch.3.2.1: 'SRR25747797' has 0 unresolved dependencies
2026-03-18T23:16:52 prefetch.3.2.1: 21) Resolving 'SRR25747795'...
2026-03-18T23:16:52 prefetch.3.2.1: 21) Downloading 'SRR25747795'...
2026-03-18T23:16:52 prefetch.3.2.1:  SRA Normalized Format file is being retrieved
2026-03-18T23:16:52 prefetch.3.2.1:  Downloading via HTTPS...
2026-03-18T23:18:08 prefetch.3.2.1:  HTTPS download succeed
2026-03-18T23:18:13 prefetch.3.2.1:  'SRR25747795' is valid: 1951431292 bytes were streamed from 1951419559
2026-03-18T23:18:13 prefetch.3.2.1: 21) 'SRR25747795' was downloaded successfully
2026-03-18T23:18:13 prefetch.3.2.1: 21) Resolving 'SRR25747795's dependencies...
2026-03-18T23:18:13 prefetch.3.2.1: 'SRR25747795' has 0 unresolved dependencies
2026-03-18T23:18:13 prefetch.3.2.1: 22) Resolving 'SRR25747794'...
2026-03-18T23:18:13 prefetch.3.2.1: 22) Downloading 'SRR25747794'...
2026-03-18T23:18:13 prefetch.3.2.1:  SRA Normalized Format file is being retrieved
2026-03-18T23:18:13 prefetch.3.2.1:  Downloading via HTTPS...
2026-03-18T23:19:36 prefetch.3.2.1:  HTTPS download succeed
2026-03-18T23:19:42 prefetch.3.2.1:  'SRR25747794' is valid: 2095706620 bytes were streamed from 2095697535
2026-03-18T23:19:42 prefetch.3.2.1: 22) 'SRR25747794' was downloaded successfully
2026-03-18T23:19:42 prefetch.3.2.1: 22) Resolving 'SRR25747794's dependencies...
2026-03-18T23:19:42 prefetch.3.2.1: 'SRR25747794' has 0 unresolved dependencies
2026-03-18T23:19:42 prefetch.3.2.1: 23) Resolving 'SRR25747793'...
2026-03-18T23:19:42 prefetch.3.2.1: 23) Downloading 'SRR25747793'...
2026-03-18T23:19:42 prefetch.3.2.1:  SRA Normalized Format file is being retrieved
2026-03-18T23:19:42 prefetch.3.2.1:  Downloading via HTTPS...
2026-03-18T23:21:10 prefetch.3.2.1:  HTTPS download succeed
2026-03-18T23:21:16 prefetch.3.2.1:  'SRR25747793' is valid: 2450165540 bytes were streamed from 2450161559
2026-03-18T23:21:16 prefetch.3.2.1: 23) 'SRR25747793' was downloaded successfully
2026-03-18T23:21:16 prefetch.3.2.1: 23) Resolving 'SRR25747793's dependencies...
2026-03-18T23:21:16 prefetch.3.2.1: 'SRR25747793' has 0 unresolved dependencies
2026-03-18T23:21:16 prefetch.3.2.1: 24) Resolving 'SRR25747792'...
2026-03-18T23:21:16 prefetch.3.2.1: 24) Downloading 'SRR25747792'...
2026-03-18T23:21:16 prefetch.3.2.1:  SRA Normalized Format file is being retrieved
2026-03-18T23:21:16 prefetch.3.2.1:  Downloading via HTTPS...
2026-03-18T23:22:44 prefetch.3.2.1:  HTTPS download succeed
2026-03-18T23:22:49 prefetch.3.2.1:  'SRR25747792' is valid: 2147511269 bytes were streamed from 2147503027
2026-03-18T23:22:49 prefetch.3.2.1: 24) 'SRR25747792' was downloaded successfully
2026-03-18T23:22:49 prefetch.3.2.1: 24) Resolving 'SRR25747792's dependencies...
2026-03-18T23:22:49 prefetch.3.2.1: 'SRR25747792' has 0 unresolved dependencies
2026-03-18T23:22:49 prefetch.3.2.1: 25) Resolving 'SRR25747791'...
2026-03-18T23:43:51 prefetch.3.2.1: 25) Downloading 'SRR25747791.lite'...
2026-03-18T23:43:51 prefetch.3.2.1:  SRA Lite file is being retrieved due to current file availability
2026-03-18T23:43:51 prefetch.3.2.1:  Downloading via HTTPS...
