2026-03-19 23:32:00 INFO:	***** Start a BUSCO v6.0.0 analysis, current time: 03/19/2026 23:31:59 *****
2026-03-19 23:32:00 INFO:	Configuring BUSCO with local environment
2026-03-19 23:32:00 INFO:	Running genome mode
2026-03-19 23:32:00 INFO:	'Force' option selected; overwriting previous results directory
2026-03-19 23:32:01 INFO:	Downloading information on latest versions of BUSCO data...
2026-03-19 23:32:04 INFO:	Input file is /scratch/las80898/bonasa_busco_2/Bumbellus.assembly.fa
2026-03-19 23:32:04 INFO:	The local file or folder /scratch/las80898/bonasa_busco_2/busco_downloads/lineages/galloanserae_odb12 is the last available version.
2026-03-19 23:32:16 INFO:	Running BUSCO using lineage dataset galloanserae_odb12 (eukaryota, 2025-07-01)
2026-03-19 23:32:16 INFO:	Running 1 job(s) on bbtools, starting at 03/19/2026 23:32:16
2026-03-19 23:32:24 INFO:	[bbtools]	1 of 1 task(s) completed
2026-03-19 23:32:24 INFO:	Running 1 job(s) on makeblastdb, starting at 03/19/2026 23:32:24
2026-03-19 23:32:25 INFO:	Creating BLAST database with input file
2026-03-19 23:32:42 INFO:	[makeblastdb]	1 of 1 task(s) completed
2026-03-19 23:32:42 INFO:	Running a BLAST search for BUSCOs against created database
2026-03-19 23:32:42 INFO:	Running 1 job(s) on tblastn, starting at 03/19/2026 23:32:42
2026-03-20 11:42:38 INFO:	[tblastn]	1 of 1 task(s) completed
2026-03-20 11:42:53 INFO:	Running Augustus gene predictor on BLAST search results.
2026-03-20 11:42:53 INFO:	Running Augustus prediction using chicken as species:
2026-03-20 11:42:53 INFO:	Running 9375 job(s) on augustus, starting at 03/20/2026 11:42:53
2026-03-20 13:14:50 INFO:	[augustus]	938 of 9375 task(s) completed
