trying URL 'https://cloud.r-project.org/src/contrib/remotes_2.5.0.tar.gz'
Content type 'application/x-gzip' length 164496 bytes (160 KB)
==================================================
downloaded 160 KB

* installing *source* package ‘remotes’ ...
** this is package ‘remotes’ version ‘2.5.0’
** package ‘remotes’ successfully unpacked and MD5 sums checked
** using staged installation
** R
** inst
** byte-compile and prepare package for lazy loading
** help
*** installing help indices
** building package indices
** installing vignettes
** testing if installed package can be loaded from temporary location
** testing if installed package can be loaded from final location
** testing if installed package keeps a record of temporary installation path
* DONE (remotes)

The downloaded source packages are in
	‘/tmp/RtmphIxL8W/downloaded_packages’
Updating HTML index of packages in '.Library'
Making 'packages.html' ... done
Downloading GitHub repo nspope/radish@HEAD
Skipping 1 packages not available: corMLPE
Installing 4 packages: Rcpp, RcppArmadillo, igraph, corMLPE
trying URL 'https://cloud.r-project.org/src/contrib/Rcpp_1.1.1-1.1.tar.gz'
trying URL 'https://cloud.r-project.org/src/contrib/RcppArmadillo_15.2.6-1.tar.gz'
trying URL 'https://cloud.r-project.org/src/contrib/igraph_2.3.0.tar.gz'
* installing *source* package ‘Rcpp’ ...
** this is package ‘Rcpp’ version ‘1.1.1-1.1’
** package ‘Rcpp’ successfully unpacked and MD5 sums checked
** using staged installation
** libs
using C++ compiler: ‘x86_64-conda-linux-gnu-c++ (conda-forge gcc 15.2.0-18) 15.2.0’
In file included from /home/las80898/conda/envs/landscape_env/lib/gcc/x86_64-conda-linux-gnu/15.2.0/include/c++/bits/locale_facets_nonio.h:41,
                 from /home/las80898/conda/envs/landscape_env/lib/gcc/x86_64-conda-linux-gnu/15.2.0/include/c++/locale:45,
                 from /home/las80898/conda/envs/landscape_env/lib/gcc/x86_64-conda-linux-gnu/15.2.0/include/c++/iomanip:53,
                 from ../inst/include/RcppCommon.h:54,
                 from ../inst/include/Rcpp.h:27,
                 from api.cpp:26:
/home/las80898/conda/envs/landscape_env/lib/gcc/x86_64-conda-linux-gnu/15.2.0/include/c++/ctime:82:11: error: 'timespec_get' has not been declared in '::'
   82 |   using ::timespec_get;
      |           ^~~~~~~~~~~~
make: *** [/home/las80898/conda/envs/landscape_env/lib/R/etc/Makeconf:211: api.o] Error 1
ERROR: compilation failed for package ‘Rcpp’
* removing ‘/home/las80898/conda/envs/landscape_env/lib/R/library/Rcpp’
* restoring previous ‘/home/las80898/conda/envs/landscape_env/lib/R/library/Rcpp’
* installing *source* package ‘igraph’ ...
** this is package ‘igraph’ version ‘2.3.0’
** package ‘igraph’ successfully unpacked and MD5 sums checked
** using staged installation
** libs
using C compiler: ‘x86_64-conda-linux-gnu-cc (conda-forge gcc 15.2.0-18) 15.2.0’
using C++ compiler: ‘x86_64-conda-linux-gnu-c++ (conda-forge gcc 15.2.0-18) 15.2.0’
In file included from vendor/cigraph/src/layout/drl/drl_graph.h:42,
                 from vendor/cigraph/src/layout/drl/drl_graph.cpp:42:
/home/las80898/conda/envs/landscape_env/lib/gcc/x86_64-conda-linux-gnu/15.2.0/include/c++/ctime:82:11: error: 'timespec_get' has not been declared in '::'
   82 |   using ::timespec_get;
      |           ^~~~~~~~~~~~
make: *** [/home/las80898/conda/envs/landscape_env/lib/R/etc/Makeconf:211: vendor/cigraph/src/layout/drl/drl_graph.o] Error 1
ERROR: compilation failed for package ‘igraph’
* removing ‘/home/las80898/conda/envs/landscape_env/lib/R/library/igraph’
* restoring previous ‘/home/las80898/conda/envs/landscape_env/lib/R/library/igraph’
* installing *source* package ‘RcppArmadillo’ ...
** this is package ‘RcppArmadillo’ version ‘15.2.6-1’
** package ‘RcppArmadillo’ successfully unpacked and MD5 sums checked
** using staged installation
** libs
using C++ compiler: ‘x86_64-conda-linux-gnu-c++ (conda-forge gcc 15.2.0-18) 15.2.0’
In file included from /home/las80898/conda/envs/landscape_env/lib/gcc/x86_64-conda-linux-gnu/15.2.0/include/c++/bits/locale_facets_nonio.h:41,
                 from /home/las80898/conda/envs/landscape_env/lib/gcc/x86_64-conda-linux-gnu/15.2.0/include/c++/locale:45,
                 from /home/las80898/conda/envs/landscape_env/lib/gcc/x86_64-conda-linux-gnu/15.2.0/include/c++/iomanip:53,
                 from /home/las80898/conda/envs/landscape_env/lib/R/library/Rcpp/include/RcppCommon.h:54,
                 from ../inst/include/RcppArmadillo/interface/RcppArmadilloForward.h:26,
                 from ../inst/include/RcppArmadillo/Lighter:37,
                 from RcppArmadillo.cpp:21:
/home/las80898/conda/envs/landscape_env/lib/gcc/x86_64-conda-linux-gnu/15.2.0/include/c++/ctime:82:11: error: 'timespec_get' has not been declared in '::'
   82 |   using ::timespec_get;
      |           ^~~~~~~~~~~~
make: *** [/home/las80898/conda/envs/landscape_env/lib/R/etc/Makeconf:211: RcppArmadillo.o] Error 1
ERROR: compilation failed for package ‘RcppArmadillo’
* removing ‘/home/las80898/conda/envs/landscape_env/lib/R/library/RcppArmadillo’

The downloaded source packages are in
	‘/tmp/RtmphIxL8W/downloaded_packages’
Updating HTML index of packages in '.Library'
Making 'packages.html' ... done
Running `R CMD build`...
ERROR: dependencies ‘corMLPE’, ‘RcppArmadillo’ are not available for package ‘radish’
Perhaps try a variation of:
install.packages(c('corMLPE', 'RcppArmadillo'))
* removing ‘/home/las80898/conda/envs/landscape_env/lib/R/library/radish’
Warning messages:
1: package ‘corMLPE’ is not available for this version of R

A version of this package for your version of R might be available elsewhere,
see the ideas at
https://cran.r-project.org/doc/manuals/r-patched/R-admin.html#Installing-packages 
2: In i.p(...) : installation of package ‘Rcpp’ had non-zero exit status
3: In i.p(...) : installation of package ‘igraph’ had non-zero exit status
4: In i.p(...) :
  installation of package ‘RcppArmadillo’ had non-zero exit status
5: In i.p(...) :
  installation of package ‘/tmp/RtmphIxL8W/file32243441201ac1/radish_0.0.2.tar.gz’ had non-zero exit status
Error in library(radish) : there is no package called ‘radish’
Execution halted
