code for methods in class “Rcpp_SpatCategories” was not checked for suspicious field assignments (recommended package ‘codetools’ not available?)
code for methods in class “Rcpp_SpatCategories” was not checked for suspicious field assignments (recommended package ‘codetools’ not available?)
code for methods in class “Rcpp_SpatDataFrame” was not checked for suspicious field assignments (recommended package ‘codetools’ not available?)
code for methods in class “Rcpp_SpatDataFrame” was not checked for suspicious field assignments (recommended package ‘codetools’ not available?)
code for methods in class “Rcpp_SpatExtent” was not checked for suspicious field assignments (recommended package ‘codetools’ not available?)
code for methods in class “Rcpp_SpatExtent” was not checked for suspicious field assignments (recommended package ‘codetools’ not available?)
code for methods in class “Rcpp_SpatFactor” was not checked for suspicious field assignments (recommended package ‘codetools’ not available?)
code for methods in class “Rcpp_SpatFactor” was not checked for suspicious field assignments (recommended package ‘codetools’ not available?)
code for methods in class “Rcpp_SpatMessages” was not checked for suspicious field assignments (recommended package ‘codetools’ not available?)
code for methods in class “Rcpp_SpatMessages” was not checked for suspicious field assignments (recommended package ‘codetools’ not available?)
code for methods in class “Rcpp_SpatOptions” was not checked for suspicious field assignments (recommended package ‘codetools’ not available?)
code for methods in class “Rcpp_SpatOptions” was not checked for suspicious field assignments (recommended package ‘codetools’ not available?)
code for methods in class “Rcpp_SpatRaster” was not checked for suspicious field assignments (recommended package ‘codetools’ not available?)
code for methods in class “Rcpp_SpatRaster” was not checked for suspicious field assignments (recommended package ‘codetools’ not available?)
code for methods in class “Rcpp_SpatRasterCollection” was not checked for suspicious field assignments (recommended package ‘codetools’ not available?)
code for methods in class “Rcpp_SpatRasterCollection” was not checked for suspicious field assignments (recommended package ‘codetools’ not available?)
code for methods in class “Rcpp_SpatRasterStack” was not checked for suspicious field assignments (recommended package ‘codetools’ not available?)
code for methods in class “Rcpp_SpatRasterStack” was not checked for suspicious field assignments (recommended package ‘codetools’ not available?)
code for methods in class “Rcpp_SpatSRS” was not checked for suspicious field assignments (recommended package ‘codetools’ not available?)
code for methods in class “Rcpp_SpatSRS” was not checked for suspicious field assignments (recommended package ‘codetools’ not available?)
code for methods in class “Rcpp_SpatTime_v” was not checked for suspicious field assignments (recommended package ‘codetools’ not available?)
code for methods in class “Rcpp_SpatTime_v” was not checked for suspicious field assignments (recommended package ‘codetools’ not available?)
code for methods in class “Rcpp_SpatVector” was not checked for suspicious field assignments (recommended package ‘codetools’ not available?)
code for methods in class “Rcpp_SpatVector” was not checked for suspicious field assignments (recommended package ‘codetools’ not available?)
code for methods in class “Rcpp_SpatVectorCollection” was not checked for suspicious field assignments (recommended package ‘codetools’ not available?)
code for methods in class “Rcpp_SpatVectorCollection” was not checked for suspicious field assignments (recommended package ‘codetools’ not available?)
code for methods in class “Rcpp_SpatVectorProxy” was not checked for suspicious field assignments (recommended package ‘codetools’ not available?)
code for methods in class “Rcpp_SpatVectorProxy” was not checked for suspicious field assignments (recommended package ‘codetools’ not available?)
terra 1.9.11

Attaching package: ‘terra’

The following objects are masked from ‘package:spatialEco’:

    is.empty, shift, sieve

Using folded aspect equation for Northern hemisphere
Error in h(simpleError(msg, call)) : 
  error in evaluating the argument 'x' in selecting a method for function 'focal': object 'CH_2019_untrimmed_resample' not found
Calls: focal -> .handleSimpleError -> h
Execution halted
